MPLINK 5.08, LINKER
Linker Map File - Created Wed Mar 22 09:36:15 2017

                                 Section Info
                  Section       Type    Address   Location Size(Bytes)
                ---------  ---------  ---------  ---------  ---------
                   .org_0       code   0x000000    program   0x000002
                   .cinit    romdata   0x000001    program   0x000004
                   .org_1       code   0x000005    program   0x000018
.config_2007_BUILD/DEFAULT/PRODUCTION/EJERCIC       code   0x002007    program   0x000002
.config_2008_BUILD/DEFAULT/PRODUCTION/EJERCIC       code   0x002008    program   0x000002



                              Program Memory Usage 
                               Start         End      
                           ---------   ---------      
                            0x000000    0x000002      
                            0x000005    0x000010      
                            0x002007    0x002008      
            17 out of 8455 program addresses used, program memory utilization is 0%



                              Symbols - Sorted by Name
                     Name    Address   Location    Storage File                     
                ---------  ---------  ---------  --------- ---------                
                   INICIO   0x000005    program     static D:\Electronic Engineering\MicroC\MPLAB Proyects\Ejercicio_1.X\Ejercicio1.asm
                     LOOP   0x00000f    program     static D:\Electronic Engineering\MicroC\MPLAB Proyects\Ejercicio_1.X\Ejercicio1.asm



                              Symbols - Sorted by Address
                     Name    Address   Location    Storage File                     
                ---------  ---------  ---------  --------- ---------                
                   INICIO   0x000005    program     static D:\Electronic Engineering\MicroC\MPLAB Proyects\Ejercicio_1.X\Ejercicio1.asm
                     LOOP   0x00000f    program     static D:\Electronic Engineering\MicroC\MPLAB Proyects\Ejercicio_1.X\Ejercicio1.asm


